// Jest Snapshot v1, https://goo.gl/fbAQLP

exports[`Logging Can be composed 1`] = `
[
  [
    "one last message",
  ],
  [
    "called with %d",
    1,
  ],
  [
    "called with %d",
    2,
  ],
  [
    "called with %d",
    3,
  ],
]
`;

exports[`Logging Can be composed 2`] = `
{
  "inc1": "called",
  "inc2": "called",
  "inc3": "called",
}
`;
